// Jest Snapshot v1, https://goo.gl/fbAQLP

exports[`Snapshots for CityList CityList component 1`] = `
Array [
  <h1
    className="visually-hidden"
  >
    Cities
  </h1>,
  <div
    className="tabs"
  >
    <section
      className="locations container"
    >
      <ul
        className="locations__list tabs__list"
      >
        <li
          className="locations__item"
        >
          <a
            className="locations__item-link tabs__item"
            href="#"
            onClick={[Function]}
          >
            <span>
              Amsterdam
            </span>
          </a>
        </li>
        <li
          className="locations__item"
        >
          <a
            className="locations__item-link tabs__item"
            href="#"
            onClick={[Function]}
          >
            <span>
              Cologne
            </span>
          </a>
        </li>
        <li
          className="locations__item"
        >
          <a
            className="locations__item-link tabs__item"
            href="#"
            onClick={[Function]}
          >
            <span>
              Berlin
            </span>
          </a>
        </li>
      </ul>
    </section>
  </div>,
]
`;
